###############################################################################
#
# IAR ELF Linker V7.30.1.7746/W32 for ARM                 23/Oct/2014  18:15:49
# Copyright 2007-2014 IAR Systems AB.
#
#    Output file  =  
#        H:\Freescale Code\FSLCar v1\project\MyCar\iar\RAM\Exe\MyCar_K60.out
#    Map file     =  
#        H:\Freescale Code\FSLCar v1\project\MyCar\iar\RAM\List\MyCar_K60.map
#    Command line =  
#        "H:\Freescale Code\FSLCar v1\project\MyCar\iar\RAM\Obj\alloc.o"
#        "H:\Freescale Code\FSLCar v1\project\MyCar\iar\RAM\Obj\assert.o"
#        "H:\Freescale Code\FSLCar v1\project\MyCar\iar\RAM\Obj\DEV_LCD.o"
#        "H:\Freescale Code\FSLCar v1\project\MyCar\iar\RAM\Obj\HW_ADC.o"
#        "H:\Freescale Code\FSLCar v1\project\MyCar\iar\RAM\Obj\HW_CAN.o"
#        "H:\Freescale Code\FSLCar v1\project\MyCar\iar\RAM\Obj\HW_DAC.o"
#        "H:\Freescale Code\FSLCar v1\project\MyCar\iar\RAM\Obj\HW_DMA.o"
#        "H:\Freescale Code\FSLCar v1\project\MyCar\iar\RAM\Obj\HW_ENET.o"
#        "H:\Freescale Code\FSLCar v1\project\MyCar\iar\RAM\Obj\HW_FLASH.o"
#        "H:\Freescale Code\FSLCar v1\project\MyCar\iar\RAM\Obj\HW_FLEXBUS.o"
#        "H:\Freescale Code\FSLCar v1\project\MyCar\iar\RAM\Obj\HW_FTM.o"
#        "H:\Freescale Code\FSLCar v1\project\MyCar\iar\RAM\Obj\HW_GPIO.o"
#        "H:\Freescale Code\FSLCar v1\project\MyCar\iar\RAM\Obj\HW_I2C.o"
#        "H:\Freescale Code\FSLCar v1\project\MyCar\iar\RAM\Obj\HW_LPTMR.o"
#        "H:\Freescale Code\FSLCar v1\project\MyCar\iar\RAM\Obj\HW_MCG.o"
#        "H:\Freescale Code\FSLCar v1\project\MyCar\iar\RAM\Obj\HW_NVIC.o"
#        "H:\Freescale Code\FSLCar v1\project\MyCar\iar\RAM\Obj\HW_PDB.o"
#        "H:\Freescale Code\FSLCar v1\project\MyCar\iar\RAM\Obj\HW_PIT.o"
#        "H:\Freescale Code\FSLCar v1\project\MyCar\iar\RAM\Obj\HW_RTC.o"
#        "H:\Freescale Code\FSLCar v1\project\MyCar\iar\RAM\Obj\HW_SDHC.o"
#        "H:\Freescale Code\FSLCar v1\project\MyCar\iar\RAM\Obj\HW_SPI.o"
#        "H:\Freescale Code\FSLCar v1\project\MyCar\iar\RAM\Obj\HW_SYSTICK.o"
#        "H:\Freescale Code\FSLCar v1\project\MyCar\iar\RAM\Obj\HW_TSI.o"
#        "H:\Freescale Code\FSLCar v1\project\MyCar\iar\RAM\Obj\HW_UART.o"
#        "H:\Freescale Code\FSLCar v1\project\MyCar\iar\RAM\Obj\HW_USB.o"
#        "H:\Freescale Code\FSLCar v1\project\MyCar\iar\RAM\Obj\HW_WDOG.o"
#        "H:\Freescale Code\FSLCar v1\project\MyCar\iar\RAM\Obj\io.o"
#        "H:\Freescale Code\FSLCar v1\project\MyCar\iar\RAM\Obj\MyCar.o"
#        "H:\Freescale Code\FSLCar v1\project\MyCar\iar\RAM\Obj\printf.o"
#        "H:\Freescale Code\FSLCar v1\project\MyCar\iar\RAM\Obj\queue.o"
#        "H:\Freescale Code\FSLCar v1\project\MyCar\iar\RAM\Obj\relocate.o"
#        "H:\Freescale Code\FSLCar v1\project\MyCar\iar\RAM\Obj\startup_K60.o"
#        "H:\Freescale Code\FSLCar v1\project\MyCar\iar\RAM\Obj\stdlib.o"
#        "H:\Freescale Code\FSLCar
#        v1\project\MyCar\iar\RAM\Obj\system_MK60DZ10.o" "H:\Freescale
#        Code\FSLCar v1\project\MyCar\iar\RAM\Obj\uif.o" --redirect
#        _Printf=_PrintfFull --redirect _Scanf=_ScanfFull -o "H:\Freescale
#        Code\FSLCar v1\project\MyCar\iar\RAM\Exe\MyCar_K60.out" --map
#        "H:\Freescale Code\FSLCar v1\project\MyCar\iar\RAM\List\MyCar_K60.map"
#        --config "H:\Freescale Code\FSLCar
#        v1\project\MyCar\iar\..\..\..\lib\iar_config_files\128KB_Ram.icf"
#        --semihosting --entry __iar_program_start "H:\Embedded Workbench
#        7.0\arm\CMSIS\Lib\IAR\iar_cortexM4l_math.a" --vfe
#
###############################################################################

*******************************************************************************
*** RUNTIME MODEL ATTRIBUTES
***

CppFlavor       = *
__SystemLibrary = DLib


*******************************************************************************
*** PLACEMENT SUMMARY
***

"A1":  place at 0x1fff0000 { ro section .intvec };
"A2":  place at 0x1fff0410 { ro section .noinit };
"P1":  place in [from 0x1fff0000 to 0x20010000] { ro, block CodeRelocate };
"P2":  place in [from 0x1fff0000 to 0x20010000] {
          rw, block CodeRelocateRam, block CSTACK, block HEAP };

  Section              Kind        Address    Size  Object
  -------              ----        -------    ----  ------
"A1":                                        0x400
  .intvec              ro code  0x1fff0000   0x400  startup_K60.o [1]
                              - 0x1fff0400   0x400

"P1", part 1 of 2:                             0x0
  .rodata              const    0x1fff0400     0x0  zero_init3.o [5]

"A2":                                         0x14
  .noinit              ro code  0x1fff0410    0x10  startup_K60.o [1]
  .noinit              ro code  0x1fff0420     0x4  startup_K60.o [1]
                              - 0x1fff0424    0x14

"P1", part 2 of 2:                          0x1b44
  .text                ro code  0x1fff0424   0x508  HW_UART.o [1]
  .text                ro code  0x1fff092c   0x4e4  printf.o [1]
  .text                ro code  0x1fff0e10    0x1c  stdlib.o [1]
  .text                ro code  0x1fff0e2c   0x218  HW_SPI.o [1]
  .text                ro code  0x1fff1044   0x1e2  HW_CAN.o [1]
  .text                ro code  0x1fff1226    0x22  zero_init3.o [5]
  .text                ro code  0x1fff1248   0x19c  system_MK60DZ10.o [1]
  .text                ro code  0x1fff13e4    0xa0  relocate.o [1]
  .text                ro code  0x1fff1484   0x198  HW_MCG.o [1]
  .text                ro code  0x1fff161c    0x56  ABImemcpy_unaligned.o [5]
  .text                ro code  0x1fff1674   0x168  HW_DMA.o [1]
  .text                ro code  0x1fff17dc    0xf4  HW_DAC.o [1]
  .text                ro code  0x1fff18d0    0xcc  HW_I2C.o [1]
  .text                ro code  0x1fff199c    0x80  HW_ENET.o [1]
  .text                ro code  0x1fff1a1c    0x80  HW_PDB.o [1]
  .text                ro code  0x1fff1a9c    0x74  HW_GPIO.o [1]
  .text                ro code  0x1fff1b10    0x70  HW_TSI.o [1]
  .text                ro code  0x1fff1b80    0x6c  HW_PIT.o [1]
  .text                ro code  0x1fff1bec    0x60  HW_RTC.o [1]
  CodeRelocate                  0x1fff1c4c    0x4c  <Block>
    Initializer bytes  ro data  0x1fff1c4c    0x4c  <for CodeRelocateRam-1>
  .rodata              const    0x1fff1c98    0x48  system_MK60DZ10.o [1]
  .rodata              const    0x1fff1ce0    0x44  system_MK60DZ10.o [1]
  .rodata              const    0x1fff1d24    0x44  system_MK60DZ10.o [1]
  .rodata              const    0x1fff1d68    0x30  system_MK60DZ10.o [1]
  .rodata              const    0x1fff1d98    0x30  system_MK60DZ10.o [1]
  .text                ro code  0x1fff1dc8    0x28  data_init.o [5]
  .rodata              const    0x1fff1df0    0x24  system_MK60DZ10.o [1]
  .rodata              const    0x1fff1e14    0x24  system_MK60DZ10.o [1]
  .text                ro code  0x1fff1e38    0x24  HW_FTM.o [1]
  .iar.init_table      const    0x1fff1e5c    0x10  - Linker created -
  .rodata              const    0x1fff1e6c    0x20  system_MK60DZ10.o [1]
  .text                ro code  0x1fff1e8c    0x20  HW_LPTMR.o [1]
  .text                ro code  0x1fff1eac    0x1c  HW_ADC.o [1]
  .text                ro code  0x1fff1ec8    0x1a  cmain.o [5]
  .text                ro code  0x1fff1ee2     0x4  low_level_init.o [3]
  .text                ro code  0x1fff1ee6     0x2  MyCar.o [1]
  .text                ro code  0x1fff1ee8     0x4  exit.o [3]
  .text                ro code  0x1fff1eec     0xa  cexit.o [5]
  .text                ro code  0x1fff1ef8    0x14  exit.o [6]
  .text                ro code  0x1fff1f0c    0x14  io.o [1]
  .data_init                    0x1fff1f20    0x14  <Block>
    Initializer bytes  ro data  0x1fff1f20    0x14  <for .data-1>
  .text                ro code  0x1fff1f34    0x10  HW_SYSTICK.o [1]
  .text                ro code  0x1fff1f44    0x10  HW_USB.o [1]
  .text                ro code  0x1fff1f54     0xc  cstartup_M.o [5]
  .rodata              const    0x1fff1f60     0x8  system_MK60DZ10.o [1]
                              - 0x1fff1f68  0x1b44

"P2":                                        0x728
  CodeRelocateRam               0x1fff1f68    0x4c  <Block>
    CodeRelocateRam-1           0x1fff1f68    0x4c  <Init block>
      .textrw          inited   0x1fff1f68    0x4c  HW_MCG.o [1]
  .data                         0x1fff1fb4    0x14  <Block>
    .data-1                     0x1fff1fb4    0x14  <Init block>
      .data            inited   0x1fff1fb4     0x4  HW_MCG.o [1]
      .data            inited   0x1fff1fb8     0x4  HW_MCG.o [1]
      .data            inited   0x1fff1fbc     0x4  HW_MCG.o [1]
      .data            inited   0x1fff1fc0     0x4  HW_MCG.o [1]
      .data            inited   0x1fff1fc4     0x4  system_MK60DZ10.o [1]
  .bss                          0x1fff1fc8   0x2c8  <Block>
    .bss               zero     0x1fff1fc8     0x8  HW_ADC.o [1]
    .bss               zero     0x1fff1fd0   0x100  HW_CAN.o [1]
    .bss               zero     0x1fff20d0    0x40  HW_CAN.o [1]
    .bss               zero     0x1fff2110    0x40  HW_CAN.o [1]
    .bss               zero     0x1fff2150     0x8  HW_DAC.o [1]
    .bss               zero     0x1fff2158     0x8  HW_DAC.o [1]
    .bss               zero     0x1fff2160     0x8  HW_DAC.o [1]
    .bss               zero     0x1fff2168    0x40  HW_DMA.o [1]
    .bss               zero     0x1fff21a8    0x10  HW_ENET.o [1]
    .bss               zero     0x1fff21b8     0xc  HW_FTM.o [1]
    .bss               zero     0x1fff21c4    0x14  HW_GPIO.o [1]
    .bss               zero     0x1fff21d8     0x8  HW_I2C.o [1]
    .bss               zero     0x1fff21e0     0x4  HW_LPTMR.o [1]
    .bss               zero     0x1fff21e4     0x4  HW_PDB.o [1]
    .bss               zero     0x1fff21e8     0x4  HW_PDB.o [1]
    .bss               zero     0x1fff21ec    0x10  HW_PIT.o [1]
    .bss               zero     0x1fff21fc     0xc  HW_RTC.o [1]
    .bss               zero     0x1fff2208    0x18  HW_SPI.o [1]
    .bss               zero     0x1fff2220    0x18  HW_SPI.o [1]
    .bss               zero     0x1fff2238    0x18  HW_SPI.o [1]
    .bss               zero     0x1fff2250     0x4  HW_SYSTICK.o [1]
    .bss               zero     0x1fff2254     0x8  HW_TSI.o [1]
    .bss               zero     0x1fff225c    0x18  HW_UART.o [1]
    .bss               zero     0x1fff2274    0x18  HW_UART.o [1]
    .bss               zero     0x1fff228c     0x4  HW_USB.o [1]
  CSTACK                        0x1fff2290   0x400  <Block>
    CSTACK             uninit   0x1fff2290   0x400  <Block tail>
                              - 0x1fff2690   0x728


*******************************************************************************
*** INIT TABLE
***

          Address     Size
          -------     ----
Zero (__iar_zero_init3)
    1 destination range, total size 0x2c8:
          0x1fff1fc8  0x2c8



*******************************************************************************
*** MODULE SUMMARY
***

    Module                 ro code  rw code  ro data  rw data
    ------                 -------  -------  -------  -------
H:\Freescale Code\FSLCar v1\project\MyCar\iar\RAM\Obj: [1]
    HW_ADC.o                    28                          8
    HW_CAN.o                   482                        384
    HW_DAC.o                   244                         24
    HW_DMA.o                   360                         64
    HW_ENET.o                  128                         16
    HW_FTM.o                    36                         12
    HW_GPIO.o                  116                         20
    HW_I2C.o                   204                          8
    HW_LPTMR.o                  32                          4
    HW_MCG.o                   408       76       92       16
    HW_PDB.o                   128                          8
    HW_PIT.o                   108                         16
    HW_RTC.o                    96                         12
    HW_SPI.o                   536                         72
    HW_SYSTICK.o                16                          4
    HW_TSI.o                   112                          8
    HW_UART.o                1 288                         48
    HW_USB.o                    16                          4
    MyCar.o                      2
    io.o                        20
    printf.o                 1 252
    relocate.o                 160
    startup_K60.o            1 044
    stdlib.o                    28
    system_MK60DZ10.o          412               420        4
    ---------------------------------------------------------
    Total:                   7 256       76      512      732

command line: [2]
    ---------------------------------------------------------
    Total:

dl7M_tln.a: [3]
    exit.o                       4
    low_level_init.o             4
    ---------------------------------------------------------
    Total:                       8

m7M_tl.a: [4]
    ---------------------------------------------------------
    Total:

rt7M_tl.a: [5]
    ABImemcpy_unaligned.o       86
    cexit.o                     10
    cmain.o                     26
    cstartup_M.o                12
    data_init.o                 40
    zero_init3.o                34
    ---------------------------------------------------------
    Total:                     208

shb_l.a: [6]
    exit.o                      20
    ---------------------------------------------------------
    Total:                      20

    Gaps                         4
    Linker created                                16    1 024
-------------------------------------------------------------
    Grand Total:             7 496       76      528    1 756


*******************************************************************************
*** ENTRY LIST
***

Entry                      Address   Size  Type      Object
-----                      -------   ----  ----      ------
.bss$$Base              0x1fff1fc8          --   Gb  - Linker created -
.bss$$Limit             0x1fff2290          --   Gb  - Linker created -
.data$$Base             0x1fff1fb4          --   Gb  - Linker created -
.data$$Limit            0x1fff1fc8          --   Gb  - Linker created -
.data_init$$Base        0x1fff1f20          --   Gb  - Linker created -
.data_init$$Limit       0x1fff1f34          --   Gb  - Linker created -
?main                   0x1fff1ec9         Code  Gb  cmain.o [5]
ADC0_IRQHandler         0x1fff1ead    0xa  Code  Gb  HW_ADC.o [1]
ADC1_IRQHandler         0x1fff1eb7    0xa  Code  Gb  HW_ADC.o [1]
ADC_ISR                 0x1fff1fc8    0x8  Data  Gb  HW_ADC.o [1]
CAN0_BUS_OFF_IRQHandler
                        0x1fff119f    0x8  Code  Gb  HW_CAN.o [1]
CAN0_ERR_IRQHandler     0x1fff11a7    0xe  Code  Gb  HW_CAN.o [1]
CAN0_IMEU_IRQHandler    0x1fff11cb    0x2  Code  Gb  HW_CAN.o [1]
CAN0_ISR                0x1fff20d0   0x40  Data  Gb  HW_CAN.o [1]
CAN0_LR_IRQHandler      0x1fff11cd    0x2  Code  Gb  HW_CAN.o [1]
CAN0_MESS_IRQHandler    0x1fff1197    0x8  Code  Gb  HW_CAN.o [1]
CAN0_RW_IRQHandler      0x1fff11bf    0xa  Code  Gb  HW_CAN.o [1]
CAN0_TW_IRQHandler      0x1fff11b5    0xa  Code  Gb  HW_CAN.o [1]
CAN0_WAKE_UP_IRQHandler
                        0x1fff11c9    0x2  Code  Gb  HW_CAN.o [1]
CAN1_BUS_OFF_IRQHandler
                        0x1fff11d7    0x8  Code  Gb  HW_CAN.o [1]
CAN1_ERR_IRQHandler     0x1fff11df    0xe  Code  Gb  HW_CAN.o [1]
CAN1_IMEU_IRQHandler    0x1fff1223    0x2  Code  Gb  HW_CAN.o [1]
CAN1_ISR                0x1fff2110   0x40  Data  Gb  HW_CAN.o [1]
CAN1_LR_IRQHandler      0x1fff1225    0x2  Code  Gb  HW_CAN.o [1]
CAN1_MESS_IRQHandler    0x1fff11cf    0x8  Code  Gb  HW_CAN.o [1]
CAN1_RW_IRQHandler      0x1fff11f7    0xa  Code  Gb  HW_CAN.o [1]
CAN1_TW_IRQHandler      0x1fff11ed    0xa  Code  Gb  HW_CAN.o [1]
CAN1_WAKE_UP_IRQHandler
                        0x1fff1221    0x2  Code  Gb  HW_CAN.o [1]
CSTACK$$Base            0x1fff2290          --   Gb  - Linker created -
CSTACK$$Limit           0x1fff2690          --   Gb  - Linker created -
CodeRelocate$$Base      0x1fff1c4c          --   Gb  - Linker created -
CodeRelocate$$Limit     0x1fff1c98          --   Gb  - Linker created -
CodeRelocateRam$$Base   0x1fff1f68          --   Gb  - Linker created -
CodeRelocateRam$$Limit  0x1fff1fb4          --   Gb  - Linker created -
DAC0_IRQHandler         0x1fff17dd   0x6a  Code  Gb  HW_DAC.o [1]
DAC1_IRQHandler         0x1fff1847   0x6a  Code  Gb  HW_DAC.o [1]
DAC_RDPTBOT_ISR         0x1fff2150    0x8  Data  Gb  HW_DAC.o [1]
DAC_RDPTTOP_ISR         0x1fff2158    0x8  Data  Gb  HW_DAC.o [1]
DAC_WATERMK_ISR         0x1fff2160    0x8  Data  Gb  HW_DAC.o [1]
DMA0_IRQHandler         0x1fff1675   0x16  Code  Gb  HW_DMA.o [1]
DMA10_IRQHandler        0x1fff1751   0x16  Code  Gb  HW_DMA.o [1]
DMA11_IRQHandler        0x1fff1767   0x16  Code  Gb  HW_DMA.o [1]
DMA12_IRQHandler        0x1fff177d   0x16  Code  Gb  HW_DMA.o [1]
DMA13_IRQHandler        0x1fff1793   0x16  Code  Gb  HW_DMA.o [1]
DMA14_IRQHandler        0x1fff17a9   0x16  Code  Gb  HW_DMA.o [1]
DMA15_IRQHandler        0x1fff17bf   0x16  Code  Gb  HW_DMA.o [1]
DMA1_IRQHandler         0x1fff168b   0x16  Code  Gb  HW_DMA.o [1]
DMA2_IRQHandler         0x1fff16a1   0x16  Code  Gb  HW_DMA.o [1]
DMA3_IRQHandler         0x1fff16b7   0x16  Code  Gb  HW_DMA.o [1]
DMA4_IRQHandler         0x1fff16cd   0x16  Code  Gb  HW_DMA.o [1]
DMA5_IRQHandler         0x1fff16e3   0x16  Code  Gb  HW_DMA.o [1]
DMA6_IRQHandler         0x1fff16f9   0x16  Code  Gb  HW_DMA.o [1]
DMA7_IRQHandler         0x1fff170f   0x16  Code  Gb  HW_DMA.o [1]
DMA8_IRQHandler         0x1fff1725   0x16  Code  Gb  HW_DMA.o [1]
DMA9_IRQHandler         0x1fff173b   0x16  Code  Gb  HW_DMA.o [1]
DMA_ISR                 0x1fff2168   0x40  Data  Gb  HW_DMA.o [1]
DefaultISR              0x1fff136d   0x14  Code  Gb  system_MK60DZ10.o [1]
ENET_ISR                0x1fff21a8   0x10  Data  Gb  HW_ENET.o [1]
Eth_Err_Misc_IRQHandler
                        0x1fff19ff   0x16  Code  Gb  HW_ENET.o [1]
Eth_IEEE1588_IRQHandler
                        0x1fff19e9   0x16  Code  Gb  HW_ENET.o [1]
Eth_RX_IRQHandler       0x1fff199d   0x26  Code  Gb  HW_ENET.o [1]
Eth_TX_IRQHandler       0x1fff19c3   0x26  Code  Gb  HW_ENET.o [1]
FTM0_IRQHandler         0x1fff1e39    0xa  Code  Gb  HW_FTM.o [1]
FTM1_IRQHandler         0x1fff1e43    0xa  Code  Gb  HW_FTM.o [1]
FTM2_IRQHandler         0x1fff1e4d    0xa  Code  Gb  HW_FTM.o [1]
FTM_ISR                 0x1fff21b8    0xc  Data  Gb  HW_FTM.o [1]
GPIO_ISR                0x1fff21c4   0x14  Data  Gb  HW_GPIO.o [1]
HardFault_Handler       0x1fff1363    0xa  Code  Gb  system_MK60DZ10.o [1]
I2C0_IRQHandler         0x1fff18d1   0x5a  Code  Gb  HW_I2C.o [1]
I2C1_IRQHandler         0x1fff192b   0x5a  Code  Gb  HW_I2C.o [1]
I2C_ISR                 0x1fff21d8    0x8  Data  Gb  HW_I2C.o [1]
LPLD_CAN_Interrupt_ClearPending
                        0x1fff1045   0x24  Code  Lc  HW_CAN.o [1]
LPLD_CAN_Interrupt_GetFlag
                        0x1fff1069   0x1e  Code  Lc  HW_CAN.o [1]
LPLD_CAN_MB_ISR         0x1fff113d   0x5a  Code  Lc  HW_CAN.o [1]
LPLD_CAN_Receive_Interrupt
                        0x1fff10e1   0x5c  Code  Lc  HW_CAN.o [1]
LPLD_CAN_Transmit_Interrupt
                        0x1fff1087   0x5a  Code  Gb  HW_CAN.o [1]
LPLD_PLL_Setup          0x1fff1485  0x198  Code  Gb  HW_MCG.o [1]
LPLD_Set_SYS_DIV        0x1fff1f69   0x4c  Code  Gb  HW_MCG.o [1]
LPLD_UART_Init          0x1fff0425  0x314  Code  Gb  HW_UART.o [1]
LPLD_UART_PutChar       0x1fff0739    0xa  Code  Gb  HW_UART.o [1]
LPTMR_ISR               0x1fff21e0    0x4  Data  Gb  HW_LPTMR.o [1]
LPT_IRQHandler          0x1fff1e8d   0x16  Code  Gb  HW_LPTMR.o [1]
OS_CPU_SysTickHandler   0x1fff1f35    0xa  Code  Gb  HW_SYSTICK.o [1]
PDB_IRQHandler          0x1fff1a1d   0x6a  Code  Gb  HW_PDB.o [1]
PDB_ISR                 0x1fff21e4    0x4  Data  Gb  HW_PDB.o [1]
PDB_SE_ISR              0x1fff21e8    0x4  Data  Gb  HW_PDB.o [1]
PIT0_IRQHandler         0x1fff1b81   0x16  Code  Gb  HW_PIT.o [1]
PIT1_IRQHandler         0x1fff1b97   0x16  Code  Gb  HW_PIT.o [1]
PIT2_IRQHandler         0x1fff1bad   0x16  Code  Gb  HW_PIT.o [1]
PIT3_IRQHandler         0x1fff1bc3   0x16  Code  Gb  HW_PIT.o [1]
PIT_ISR                 0x1fff21ec   0x10  Data  Gb  HW_PIT.o [1]
PORTA_IRQHandler        0x1fff1a9d   0x12  Code  Gb  HW_GPIO.o [1]
PORTB_IRQHandler        0x1fff1aaf   0x12  Code  Gb  HW_GPIO.o [1]
PORTC_IRQHandler        0x1fff1ac1   0x12  Code  Gb  HW_GPIO.o [1]
PORTD_IRQHandler        0x1fff1ad3   0x12  Code  Gb  HW_GPIO.o [1]
PORTE_IRQHandler        0x1fff1ae5   0x12  Code  Gb  HW_GPIO.o [1]
RTC_IRQHandler          0x1fff1bed   0x56  Code  Gb  HW_RTC.o [1]
RTC_ISR                 0x1fff21fc    0xc  Data  Gb  HW_RTC.o [1]
Region$$Table$$Base     0x1fff1e5c          --   Gb  - Linker created -
Region$$Table$$Limit    0x1fff1e6c          --   Gb  - Linker created -
SPI0_IRQHandler         0x1fff0e2d   0xaa  Code  Gb  HW_SPI.o [1]
SPI0_ISR                0x1fff2208   0x18  Data  Gb  HW_SPI.o [1]
SPI1_IRQHandler         0x1fff0ed7   0xaa  Code  Gb  HW_SPI.o [1]
SPI1_ISR                0x1fff2220   0x18  Data  Gb  HW_SPI.o [1]
SPI2_IRQHandler         0x1fff0f81   0xaa  Code  Gb  HW_SPI.o [1]
SPI2_ISR                0x1fff2238   0x18  Data  Gb  HW_SPI.o [1]
SYSTICK_ISR             0x1fff2250    0x4  Data  Gb  HW_SYSTICK.o [1]
SystemCoreClock         0x1fff1fc4    0x4  Data  Gb  system_MK60DZ10.o [1]
SystemCoreClockUpdate   0x1fff133d   0x26  Code  Gb  system_MK60DZ10.o [1]
SystemInit              0x1fff1249   0xf4  Code  Gb  system_MK60DZ10.o [1]
TSI_IRQHandler          0x1fff1b11   0x5c  Code  Gb  HW_TSI.o [1]
TSI_ISR                 0x1fff2254    0x8  Data  Gb  HW_TSI.o [1]
UART0_IRQHandler        0x1fff0743   0x30  Code  Gb  HW_UART.o [1]
UART1_IRQHandler        0x1fff0773   0x30  Code  Gb  HW_UART.o [1]
UART2_IRQHandler        0x1fff07a3   0x30  Code  Gb  HW_UART.o [1]
UART3_IRQHandler        0x1fff07d3   0x30  Code  Gb  HW_UART.o [1]
UART4_IRQHandler        0x1fff0803   0x30  Code  Gb  HW_UART.o [1]
UART5_IRQHandler        0x1fff0833   0x30  Code  Gb  HW_UART.o [1]
UART_R_ISR              0x1fff225c   0x18  Data  Gb  HW_UART.o [1]
UART_T_ISR              0x1fff2274   0x18  Data  Gb  HW_UART.o [1]
USB_ISR                 0x1fff228c    0x4  Data  Gb  HW_USB.o [1]
USB_OTG_IRQHandler      0x1fff1f45    0xa  Code  Gb  HW_USB.o [1]
__BOOT_STACK_ADDRESS {Abs}
                        0x2000fff8          --   Gb  command line/config [2]
__VECTOR_RAM {Abs}      0x1fff0000          --   Gb  command line/config [2]
__VECTOR_TABLE {Abs}    0x1fff0000          --   Gb  command line/config [2]
__Vectors               0x1fff0000          --   Gb  startup_K60.o [1]
__Vectors_End           0x1fff0400         Data  Gb  startup_K60.o [1]
__Vectors_Size {Abs}    0x00000400          --   Gb  startup_K60.o [1]
__cmain                 0x1fff1ec9         Code  Gb  cmain.o [5]
__exit                  0x1fff1ef9   0x14  Code  Gb  exit.o [6]
__iar_data_init3        0x1fff1dc9   0x28  Code  Gb  data_init.o [5]
__iar_program_start     0x1fff1f55         Code  Gb  cstartup_M.o [5]
__iar_unaligned___aeabi_memcpy4
                        0x1fff161d         Code  Gb  ABImemcpy_unaligned.o [5]
__iar_unaligned___aeabi_memcpy8
                        0x1fff161d         Code  Gb  ABImemcpy_unaligned.o [5]
__iar_zero_init3        0x1fff1227   0x22  Code  Gb  zero_init3.o [5]
__low_level_init        0x1fff1ee3    0x4  Code  Gb  low_level_init.o [3]
__vector_table          0x1fff0000         Data  Gb  startup_K60.o [1]
__vector_table_0x1c     0x1fff001c         Data  Gb  startup_K60.o [1]
_call_main              0x1fff1ed5         Code  Gb  cmain.o [5]
_exit                   0x1fff1eed         Code  Gb  cexit.o [5]
_main                   0x1fff1edf         Code  Gb  cmain.o [5]
common_relocate         0x1fff13e5   0xa0  Code  Gb  relocate.o [1]
exit                    0x1fff1ee9    0x4  Code  Gb  exit.o [3]
flexcan_msgobj_param_t  0x1fff1fd0  0x100  Data  Gb  HW_CAN.o [1]
g_bus_clock             0x1fff1fb8    0x4  Data  Gb  HW_MCG.o [1]
g_core_clock            0x1fff1fb4    0x4  Data  Gb  HW_MCG.o [1]
g_flash_clock           0x1fff1fbc    0x4  Data  Gb  HW_MCG.o [1]
g_flexbus_clock         0x1fff1fc0    0x4  Data  Gb  HW_MCG.o [1]
main                    0x1fff1ee7    0x2  Code  Gb  MyCar.o [1]
out_char                0x1fff1f0d    0xe  Code  Gb  io.o [1]
printf                  0x1fff0ded   0x1e  Code  Gb  printf.o [1]
printk                  0x1fff0a05  0x3e8  Code  Gb  printf.o [1]
printk_mknumstr         0x1fff0959   0x70  Code  Lc  printf.o [1]
printk_pad_space        0x1fff09e7   0x1e  Code  Lc  printf.o [1]
printk_pad_zero         0x1fff09c9   0x1e  Code  Lc  printf.o [1]
printk_putc             0x1fff092d   0x2c  Code  Lc  printf.o [1]
strlen                  0x1fff0e11   0x1c  Code  Gb  stdlib.o [1]


[1] = H:\Freescale Code\FSLCar v1\project\MyCar\iar\RAM\Obj
[2] = command line
[3] = dl7M_tln.a
[4] = m7M_tl.a
[5] = rt7M_tl.a
[6] = shb_l.a

  7 496 bytes of readonly  code memory
     76 bytes of readwrite code memory
    528 bytes of readonly  data memory
  1 756 bytes of readwrite data memory

Errors: none
Warnings: none
